\BOOKMARK [1][-]{section.1}{\376\377\000U\000v\000o\000d}{}% 1
\BOOKMARK [1][-]{section.2}{\376\377\000N\000a\001\015\000r\000t\000o\000v\000a\000n\000j\000e\000\040\000i\000n\000\040\000i\000z\000b\000i\000r\000a\000\040\000t\000e\000h\000n\000o\000l\000o\000g\000i\000j}{}% 2
\BOOKMARK [2][-]{subsection.2.1}{\376\377\000D\000a\000l\000j\000i\000n\000s\000k\000o\000\040\000v\000o\000d\000e\000n\000e\000\040\000k\000o\000s\000i\000l\000n\000i\000c\000e\000\040\000i\000n\000\040\000v\000a\000r\000n\000o\000s\000t\000n\000i\000\040\000i\000z\000z\000i\000v\000i}{section.2}% 3
\BOOKMARK [2][-]{subsection.2.2}{\376\377\000E\000l\000e\000k\000t\000r\000o\000n\000s\000k\000o\000\040\000z\000a\000z\000n\000a\000v\000a\000n\000j\000e\000\040\000o\000k\000o\000l\000i\000c\000e\000\040\000p\000r\000i\000\040\000d\000e\000l\000o\000v\000n\000i\000h\000\040\000s\000t\000r\000o\000j\000i\000h}{section.2}% 4
\BOOKMARK [2][-]{subsection.2.3}{\376\377\000P\000r\000e\000g\000l\000e\000d\000\040\000i\000z\000b\000r\000a\000n\000i\000h\000\040\000t\000e\000h\000n\000o\000l\000o\000g\000i\000j}{section.2}% 5
\BOOKMARK [3][-]{subsubsection.2.3.1}{\376\377\000R\000a\000s\000p\000b\000e\000r\000r\000y\000\040\000P\000i\000\040\0004\000B}{subsection.2.3}% 6
\BOOKMARK [3][-]{subsubsection.2.3.2}{\376\377\000O\000p\000e\000n\000C\000V\000\040\000i\000n\000\040\000M\000o\000b\000i\000l\000e\000N\000e\000t\000\040\000S\000S\000D}{subsection.2.3}% 7
\BOOKMARK [3][-]{subsubsection.2.3.3}{\376\377\000K\000n\000j\000i\001\176\000n\000i\000c\000a\000\040\000P\000i\000c\000a\000m\000e\000r\000a\0002}{subsection.2.3}% 8
\BOOKMARK [3][-]{subsubsection.2.3.4}{\376\377\000G\000N\000S\000S\000\040\000m\000o\000d\000u\000l\000\040\000L\000C\0002\0009\000H\000\040\000z\000\040\000D\000G\000P\000S\000\040\000p\000o\000d\000p\000o\000r\000o}{subsection.2.3}% 9
\BOOKMARK [3][-]{subsubsection.2.3.5}{\376\377\000N\000T\000R\000I\000P\000\040\000i\000n\000\040\000R\000T\000K\0002\000g\000o}{subsection.2.3}% 10
\BOOKMARK [3][-]{subsubsection.2.3.6}{\376\377\000P\000y\000t\000h\000o\000n\000\040\000i\000n\000\040\000v\000e\001\015\000n\000i\000t\000n\000o\000s\000t}{subsection.2.3}% 11
\BOOKMARK [1][-]{section.3}{\376\377\000P\000r\000e\000d\000e\000l\000a\000v\000a\000\040\000m\000u\000l\001\015\000a\000r\000j\000a}{}% 12
\BOOKMARK [2][-]{subsection.3.1}{\376\377\000A\000n\000a\000l\000i\000z\000a\000\040\000R\000C\000-\000k\000r\000m\000i\000l\000j\000e\000n\000j\000a\000\040\000i\000n\000\040\000P\000W\000M\000-\000m\000e\000r\000i\000t\000v\000e}{section.3}% 13
\BOOKMARK [3][-]{subsubsection.3.1.1}{\376\377\000V\000a\000r\000n\000o\000s\000t\000n\000a\000\040\000p\000r\000e\000k\000l\000o\000p\000n\000a\000\040\000l\000o\000g\000i\000k\000a}{subsection.3.1}% 14
\BOOKMARK [2][-]{subsection.3.2}{\376\377\000N\000a\001\015\000r\000t\000\040\000s\000i\000s\000t\000e\000m\000a\000\040\000i\000n\000\040\000r\000a\000z\000v\000o\000j\000n\000e\000\040\000i\000t\000e\000r\000a\000c\000i\000j\000e}{section.3}% 15
\BOOKMARK [3][-]{subsubsection.3.2.1}{\376\377\000O\000s\000n\000o\000v\000n\000a\000\040\000a\000r\000h\000i\000t\000e\000k\000t\000u\000r\000a\000\040\000s\000i\000s\000t\000e\000m\000a}{subsection.3.2}% 16
\BOOKMARK [3][-]{subsubsection.3.2.2}{\376\377\000N\000a\000s\000t\000a\000v\000i\000t\000v\000e\000\040\000z\000a\000\040\000R\000C\000,\000\040\000k\000a\000m\000e\000r\000o\000\040\000i\000n\000\040\000G\000N\000S\000S}{subsection.3.2}% 17
\BOOKMARK [3][-]{subsubsection.3.2.3}{\376\377\000G\000l\000a\000v\000n\000a\000\040\000z\000a\000n\000k\000a\000\040\000p\000r\000o\000g\000r\000a\000m\000a}{subsection.3.2}% 18
\BOOKMARK [3][-]{subsubsection.3.2.4}{\376\377\000S\000t\000r\000e\001\176\000n\000i\000k\000\040\000i\000n\000\040\000s\000p\000l\000e\000t\000n\000i\000\040\000v\000m\000e\000s\000n\000i\000k}{subsection.3.2}% 19
\BOOKMARK [2][-]{subsection.3.3}{\376\377\000V\000a\000r\000n\000o\000s\000t\000n\000i\000\040\000m\000e\000h\000a\000n\000i\000z\000e\000m\000\040\000s\000a\000m\000o\000d\000e\000j\000n\000e\000\040\000z\000a\000u\000s\000t\000a\000v\000i\000t\000v\000e}{section.3}% 20
\BOOKMARK [3][-]{subsubsection.3.3.1}{\376\377\000S\000p\000r\000o\000t\000n\000a\000\040\000z\000a\000u\000s\000t\000a\000v\000i\000t\000e\000v\000\040\000o\000b\000\040\000z\000a\000z\000n\000a\000v\000i\000\040\001\015\000l\000o\000v\000e\000k\000a}{subsection.3.3}% 21
\BOOKMARK [3][-]{subsubsection.3.3.2}{\376\377\000Z\000a\000k\000a\000s\000n\000i\000t\000v\000e\000n\000a\000\040\000l\000o\000g\000i\000k\000a}{subsection.3.3}% 22
\BOOKMARK [3][-]{subsubsection.3.3.3}{\376\377\000Z\000a\000z\000n\000a\000v\000a\000\040\000o\000b\000j\000e\000k\000t\000o\000v\000\040\000z\000\040\000M\000o\000b\000i\000l\000e\000N\000e\000t\000\040\000S\000S\000D}{subsection.3.3}% 23
\BOOKMARK [3][-]{subsubsection.3.3.4}{\376\377\000Z\000m\000a\000n\000j\001\141\000a\000n\000j\000e\000\040\000z\000a\000k\000a\000s\000n\000i\000t\000v\000e\000\040\000v\000i\000d\000e\000o\000\040\000t\000o\000k\000a}{subsection.3.3}% 24
\BOOKMARK [2][-]{subsection.3.4}{\376\377\000G\000N\000S\000S\000,\000\040\000D\000G\000P\000S\000\040\000i\000n\000\040\000N\000T\000R\000I\000P\000\040\000v\000\040\000p\000r\000a\000k\000s\000i}{section.3}% 25
\BOOKMARK [3][-]{subsubsection.3.4.1}{\376\377\000D\000e\000l\000o\000v\000a\000n\000j\000e\000\040\000G\000P\000S\000\040\000i\000n\000\040\000o\000m\000e\000j\000i\000t\000v\000e\000\040\000n\000a\000v\000a\000d\000n\000i\000h\000\040\000m\000o\000d\000u\000l\000o\000v}{subsection.3.4}% 26
\BOOKMARK [3][-]{subsubsection.3.4.2}{\376\377\000D\000i\000f\000e\000r\000e\000n\000c\000i\000a\000l\000n\000i\000\040\000G\000P\000S\000\040\000i\000n\000\040\000N\000T\000R\000I\000P}{subsection.3.4}% 27
\BOOKMARK [3][-]{subsubsection.3.4.3}{\376\377\000V\000z\000p\000o\000s\000t\000a\000v\000i\000t\000e\000v\000\040\000N\000T\000R\000I\000P\000-\000p\000o\000v\000e\000z\000a\000v\000e\000\040\000i\000n\000\040\000p\000o\001\141\000i\000l\000j\000a\000n\000j\000e\000\040\000G\000G\000A}{subsection.3.4}% 28
\BOOKMARK [2][-]{subsection.3.5}{\376\377\000S\000p\000l\000e\000t\000n\000i\000\040\000v\000m\000e\000s\000n\000i\000k\000\040\000z\000a\000\040\000o\000p\000e\000r\000a\000t\000e\000r\000j\000a}{section.3}% 29
\BOOKMARK [2][-]{subsection.3.6}{\376\377\000T\000e\000r\000e\000n\000s\000k\000o\000\040\000t\000e\000s\000t\000i\000r\000a\000n\000j\000e\000\040\000i\000n\000\040\000a\000n\000a\000l\000i\000z\000a\000\040\000r\000e\000z\000u\000l\000t\000a\000t\000o\000v}{section.3}% 30
\BOOKMARK [3][-]{subsubsection.3.6.1}{\376\377\000M\000e\000t\000o\000d\000o\000l\000o\000g\000i\000j\000a\000\040\000t\000e\000s\000t\000i\000r\000a\000n\000j\000a}{subsection.3.6}% 31
\BOOKMARK [3][-]{subsubsection.3.6.2}{\376\377\000R\000e\000z\000u\000l\000t\000a\000t\000i\000\040\000m\000e\000r\000i\000t\000e\000v}{subsection.3.6}% 32
\BOOKMARK [3][-]{subsubsection.3.6.3}{\376\377\000A\000n\000a\000l\000i\000z\000a\000\040\000n\000a\000p\000a\000k\000\040\000i\000n\000\040\000o\000m\000e\000j\000i\000t\000v\000e\000\040\000s\000i\000s\000t\000e\000m\000a}{subsection.3.6}% 33
\BOOKMARK [1][-]{section.4}{\376\377\000Z\000a\000k\000l\000j\000u\001\015\000e\000k}{}% 34
\BOOKMARK [1][-]{section.4}{\376\377\000V\000i\000r\000i\000\040\000i\000n\000\040\000l\000i\000t\000e\000r\000a\000t\000u\000r\000a}{}% 35
\BOOKMARK [1][-]{appendix.A}{\376\377\000P\000r\000i\000l\000o\000g\000e}{}% 36
\BOOKMARK [2][-]{subsection.A.1}{\376\377\000V\000i\000d\000e\000o\000\040\000d\000e\000m\000o\000n\000s\000t\000r\000a\000c\000i\000j\000a\000\040\000s\000i\000s\000t\000e\000m\000a}{appendix.A}% 37
\BOOKMARK [2][-]{subsection.A.2}{\376\377\000I\000z\000v\000o\000r\000n\000a\000\040\000k\000o\000d\000a\000\040\000p\000r\000o\000j\000e\000k\000t\000a}{appendix.A}% 38
